[2026-06-01 18:39:10] SYSTEM: Log started for app
[2026-06-01 18:39:10] SYSTEM: SlopeAnalysisScenario completed
[2026-06-01 18:39:10] SYSTEM: BMP saved: output/steepness_map.bmp
[2026-06-01 18:39:10] SYSTEM: Steepness map created (threshold = 2.000000)
[2026-06-01 18:39:10] SYSTEM: ComponentSearchScenario completed (K=2)
[2026-06-01 18:39:14] SYSTEM: ERROR: Gnuplot execution failed: plot_clusters.gnuplot
[2026-06-01 18:39:14] SYSTEM: EM overlay saved: output/em_overlay.png
[2026-06-01 18:39:14] SYSTEM: Delaunay triangles built: 4
[2026-06-01 18:39:14] SYSTEM: Geometry visualization saved: output/my_delaunay_voronoi.png
[2026-06-01 18:39:14] SYSTEM: GeometryScenario completed (5 centers)
[2026-06-01 18:40:56] SYSTEM: Log started for app
[2026-06-01 18:40:57] SYSTEM: SlopeAnalysisScenario completed
[2026-06-01 18:40:57] SYSTEM: BMP saved: output/steepness_map.bmp
[2026-06-01 18:40:57] SYSTEM: Steepness map created (threshold = 2.000000)
[2026-06-01 18:40:57] SYSTEM: ComponentSearchScenario completed (K=2)
[2026-06-01 18:41:02] SYSTEM: EM overlay saved: output/em_overlay.png
[2026-06-01 18:41:02] SYSTEM: Delaunay triangles built: 4
[2026-06-01 18:41:02] SYSTEM: Geometry visualization saved: output/my_delaunay_voronoi.png
[2026-06-01 18:41:02] SYSTEM: GeometryScenario completed (5 centers)
[2026-06-01 18:42:48] SYSTEM: Log started for app
[2026-06-01 18:42:48] SYSTEM: SlopeAnalysisScenario completed
[2026-06-01 18:42:48] SYSTEM: BMP saved: output/steepness_map.bmp
[2026-06-01 18:42:48] SYSTEM: Steepness map created (threshold = 2.000000)
[2026-06-01 18:42:49] SYSTEM: ComponentSearchScenario completed (K=2)
[2026-06-01 18:42:54] SYSTEM: EM overlay saved: output/em_overlay.png
[2026-06-01 18:42:54] SYSTEM: Delaunay triangles built: 4
[2026-06-01 18:42:54] SYSTEM: Geometry visualization saved: output/my_delaunay_voronoi.png
[2026-06-01 18:42:54] SYSTEM: GeometryScenario completed (5 centers)
